Unity Editor version:    6000.4.10f1 (feeafc12a938)
Branch:                  6000.4/staging
Build type:              Release
Batch mode:              YES
macOS version:           Version 27.0 (Build 26A5353q)
Darwin version:          27.0.0
Architecture:            arm64
Running under Rosetta:   NO
Available memory:        24576 MB
Date:                    2026-06-11T02:29:38Z
[Licensing::Module] Trying to connect to existing licensing client channel...
[Licensing::IpcConnector] Channel LicenseClient-limboenedmund doesn't exist
Launching external process: /Applications/Unity/Hub/Editor/6000.4.10f1/Unity.app/Contents/Helpers/UnityLicensingClient.app/Contents/MacOS/Unity.Licensing.Client
[Licensing::Module] Successfully launched the LicensingClient (PId: 26714)
Launching external process: /Applications/Unity/Hub/Editor/6000.4.10f1/Unity.app/Contents/Helpers/PackageManager/Server/UnityPackageManager

COMMAND LINE ARGUMENTS:
/Applications/Unity/Hub/Editor/6000.4.10f1/Unity.app/Contents/MacOS/Unity
-batchmode
-projectPath
/Users/limboenedmund/Documents/apps/unity/JJ26/PaperFold
-executeMethod
LevelBuilder.Build
-quit
-logFile
/Users/limboenedmund/Documents/apps/unity/JJ26/build7.log
Successfully changed project path to: /Users/limboenedmund/Documents/apps/unity/JJ26/PaperFold
/Users/limboenedmund/Documents/apps/unity/JJ26/PaperFold
[UnityMemory] Configuration Parameters - Can be set up in boot.config
    "memorysetup-temp-allocator-size-gi-baking-worker=262144"
    "memorysetup-temp-allocator-size-gi-baking-worker=262144"
    "memorysetup-temp-allocator-size-gi-baking-worker=262144"
    "memorysetup-temp-allocator-size-gi-baking-worker=262144"
    "memorysetup-temp-allocator-size-gi-baking-worker=262144"
    "memorysetup-temp-allocator-size-nav-mesh-worker=65536"
    "memorysetup-temp-allocator-size-audio-worker=65536"
    "memorysetup-temp-allocator-size-cloud-worker=32768"
    "memorysetup-allocator-temp-initial-block-size-main=262144"
    "memorysetup-allocator-temp-initial-block-size-worker=262144"
    "memorysetup-temp-allocator-size-background-worker=32768"
    "memorysetup-temp-allocator-size-job-worker=262144"
    "memorysetup-temp-allocator-size-preload-manager=33554432"
    "memorysetup-temp-allocator-size-gfx=262144"
    "memorysetup-bucket-allocator-granularity=16"
    "memorysetup-bucket-allocator-bucket-count=8"
    "memorysetup-bucket-allocator-block-size=33554432"
    "memorysetup-bucket-allocator-block-count=8"
    "memorysetup-main-allocator-block-size=16777216"
    "memorysetup-thread-allocator-block-size=16777216"
    "memorysetup-gfx-main-allocator-block-size=16777216"
    "memorysetup-gfx-thread-allocator-block-size=16777216"
    "memorysetup-cache-allocator-block-size=4194304"
    "memorysetup-typetree-allocator-block-size=2097152"
    "memorysetup-profiler-bucket-allocator-granularity=16"
    "memorysetup-profiler-bucket-allocator-bucket-count=8"
    "memorysetup-profiler-bucket-allocator-block-size=33554432"
    "memorysetup-profiler-bucket-allocator-block-count=8"
    "memorysetup-profiler-allocator-block-size=16777216"
    "memorysetup-profiler-editor-allocator-block-size=1048576"
    "memorysetup-temp-allocator-size-main=16777216"
    "memorysetup-job-temp-allocator-block-size=2097152"
    "memorysetup-job-temp-allocator-block-size-background=1048576"
    "memorysetup-job-temp-allocator-reduction-small-platforms=262144"
Player connection [8225845440]  Target information:

Player connection [8225845440]  * "[IP] 10.103.150.223 [Port] 55504 [Flags] 2 [Guid] 437828667 [EditorId] 437828667 [Version] 1048832 [Id] OSXEditor(0,Edmunds-Samsung-Smart-Fridge.local) [Debug] 1 [PackageName] OSXEditor [ProjectName] Editor" 

Player connection [8225845440]  * "[IP] 100.108.66.22 [Port] 55504 [Flags] 2 [Guid] 437828667 [EditorId] 437828667 [Version] 1048832 [Id] OSXEditor(0,Edmunds-Samsung-Smart-Fridge.local) [Debug] 1 [PackageName] OSXEditor [ProjectName] Editor" 

Player connection [8225845440]  * "[IP] 169.254.231.195 [Port] 55504 [Flags] 2 [Guid] 437828667 [EditorId] 437828667 [Version] 1048832 [Id] OSXEditor(0,Edmunds-Samsung-Smart-Fridge.local) [Debug] 1 [PackageName] OSXEditor [ProjectName] Editor" 

Player connection [8225845440] Host joined multi-casting on [225.0.0.222:54997]...
Player connection [8225845440] Host joined alternative multi-casting on [225.0.0.222:34997]...
Input System module state changed to: Initialized.
[Physics::Module] Initialized fallback backend.
[Physics::Module] Id: 0xdecafbad
[Licensing::IpcConnector] Successfully connected to: "LicenseClient-limboenedmund" at "2026-06-11T02:29:38.510381Z"
[Package Manager] Connected to IPC stream "Upm-26705" after 0.3 seconds.
[Licensing::Module] Licensing is not yet initialized.
[Licensing::Client] Handshaking with LicensingClient:
  Version:                 1.18.1+9fbee8e
  Session Id:              45aaa51a54144320b990f7def39b07a3
  Correlation Id:          db436dcef6052b8266047da68517f6b4
  External correlation Id: 9035023827859794218
  Machine Id:              lFs4JM7zPnOpKAxDcVQic6+/GA4=
[Licensing::Module] Successfully connected to LicensingClient on channel: "LicenseClient-limboenedmund" (connect: 0.25s, validation: 0.03s, handshake: 0.25s)
[Licensing::IpcConnector] Successfully connected to: "LicenseClient-limboenedmund-notifications" at "2026-06-11T02:29:38.784012Z"
[Licensing::Module] Connected to LicensingClient (PId: 26714, launch time: 0.00, total connection time: 0.53s)
[Licensing::Module] Error: Access token is unavailable; failed to update
[Licensing::Client] Successfully resolved entitlement details
[Licensing::Module] License group:
  Id: 18967494956897-UnityPersXXXX
  Product: Unity Personal
  Type: Assigned
  Expiration: Unlimited
[Licensing::Client] Successfully updated license, isAsync: True, time: 0.00
[Licensing::Client] Successfully resolved entitlement details
[Licensing::Module] Licensing Background thread has ended after 0.54s
[Licensing::Module] Licensing is initialized (took 0.15s).
[Licensing::Client] Successfully resolved entitlement details
Library Redirect Path: Library/
[Physics::Module] Selected backend.
[Physics::Module] Name: PhysX
[Physics::Module] Id: 0xf2b8ea05
[Physics::Module] SDK Version: 4.1.2
[Physics::Module] Integration Version: 1.0.0
[Physics::Module] Threading Mode: Multi-Threaded
Initialize engine version: 6000.4.10f1 (feeafc12a938)
[Subsystems] Discovering subsystems at path /Applications/Unity/Hub/Editor/6000.4.10f1/Unity.app/Contents/Resources/UnitySubsystems
[Subsystems] Discovering subsystems at path /Users/limboenedmund/Documents/apps/unity/JJ26/PaperFold/Assets
GfxDevice: creating device client; kGfxThreadingModeNonThreaded
 preferred device: Apple M4 Pro (high power)
Metal devices available: 1
0: Apple M4 Pro (high power)
Using device Apple M4 Pro (high power)
Initializing Metal device caps: Apple M4 Pro
Mac GPU Family: 2
Apple GPU Family: 9
MSL Version: 3.0
Has Float MSAA: 1
Has Float Filtering: 1
ReadWrite Texture Tier: 2
Initialize mono
Mono path[0] = '/Applications/Unity/Hub/Editor/6000.4.10f1/Unity.app/Contents/Resources/Scripting/Managed'
Mono path[1] = '/Applications/Unity/Hub/Editor/6000.4.10f1/Unity.app/Contents/Resources/Scripting/MonoBleedingEdge/lib/mono/unityjit-macos'
Mono config path = '/Applications/Unity/Hub/Editor/6000.4.10f1/Unity.app/Contents/Resources/Scripting/MonoBleedingEdge/etc'
Using monoOptions --debugger-agent=transport=dt_socket,embedding=1,server=y,suspend=n,address=127.0.0.1:56705
CodeReloadManager initialized
Using cacheserver namespaces - metadata:defaultmetadata, artifacts:defaultartifacts
Using cacheserver namespaces - metadata:defaultmetadata, artifacts:defaultartifacts
ImportWorker Server TCP listen port: 0
AcceleratorClientConnectionCallback - disconnected - :0
Begin MonoManager ReloadAssembly
Registering precompiled unity dll's ...
Register platform support module: /Applications/Unity/Hub/Editor/6000.4.10f1/PlaybackEngines/WebGLSupport/UnityEditor.WebGL.Extensions.dll
Register platform support module: /Applications/Unity/Hub/Editor/6000.4.10f1/Unity.app/Contents/PlaybackEngines/MacStandaloneSupport/UnityEditor.OSXStandalone.Extensions.dll
Registered in 0.001107 seconds.
Native extension for OSXStandalone target not found
Native extension for WebGL target not found
Package Manager log level set to [2]
ScheduleIndexationOnStartup MainProcess:False IndexOnStartup:True
Mono: successfully reloaded assembly
- Finished resetting the current domain, in  0.209 seconds
Domain Reload Profiling: 504ms
	BeginReloadAssembly (108ms)
		CreateAndSetChildDomain (22ms)
	RebuildCommonClasses (27ms)
	RebuildNativeTypeToScriptingClass (7ms)
	initialDomainReloadingComplete (32ms)
	LoadAllAssembliesAndSetupDomain (120ms)
		LoadAssemblies (87ms)
		AnalyzeDomain (114ms)
			TypeCache.Refresh (113ms)
				TypeCache.ScanAssembly (102ms)
	FinalizeReload (210ms)
		SetupLoadedEditorAssemblies (0ms)
			InitializePlatformSupportModulesInManaged (25ms)
			BeforeProcessingInitializeOnLoad (42ms)
			ProcessInitializeOnLoadAttributes (55ms)
			ProcessInitializeOnLoadMethodAttributes (53ms)
[Licensing::Client] Successfully resolved entitlement details
Application.AssetDatabase Initial Refresh Start
[Package Manager] Restoring resolved packages state from cache
[Licensing::Client] Successfully resolved entitlement details
[Package Manager] Registered 13 packages:
  Built-in packages:
    com.unity.2d.sprite@1.0.0 (location: /Users/limboenedmund/Documents/apps/unity/JJ26/PaperFold/Library/PackageCache/com.unity.2d.sprite@b95cc7beb645)
    com.unity.test-framework@1.6.0 (location: /Users/limboenedmund/Documents/apps/unity/JJ26/PaperFold/Library/PackageCache/com.unity.test-framework@996f223345ba)
    com.unity.modules.animation@1.0.0 (location: /Users/limboenedmund/Documents/apps/unity/JJ26/PaperFold/Library/PackageCache/com.unity.modules.animation)
    com.unity.modules.audio@1.0.0 (location: /Users/limboenedmund/Documents/apps/unity/JJ26/PaperFold/Library/PackageCache/com.unity.modules.audio)
    com.unity.modules.imgui@1.0.0 (location: /Users/limboenedmund/Documents/apps/unity/JJ26/PaperFold/Library/PackageCache/com.unity.modules.imgui)
    com.unity.modules.jsonserialize@1.0.0 (location: /Users/limboenedmund/Documents/apps/unity/JJ26/PaperFold/Library/PackageCache/com.unity.modules.jsonserialize)
    com.unity.modules.particlesystem@1.0.0 (location: /Users/limboenedmund/Documents/apps/unity/JJ26/PaperFold/Library/PackageCache/com.unity.modules.particlesystem)
    com.unity.modules.physics2d@1.0.0 (location: /Users/limboenedmund/Documents/apps/unity/JJ26/PaperFold/Library/PackageCache/com.unity.modules.physics2d)
    com.unity.modules.ui@1.0.0 (location: /Users/limboenedmund/Documents/apps/unity/JJ26/PaperFold/Library/PackageCache/com.unity.modules.ui)
    com.unity.modules.uielements@1.0.0 (location: /Users/limboenedmund/Documents/apps/unity/JJ26/PaperFold/Library/PackageCache/com.unity.modules.uielements)
    com.unity.modules.hierarchycore@1.0.0 (location: /Users/limboenedmund/Documents/apps/unity/JJ26/PaperFold/Library/PackageCache/com.unity.modules.hierarchycore)
    com.unity.modules.physics@1.0.0 (location: /Users/limboenedmund/Documents/apps/unity/JJ26/PaperFold/Library/PackageCache/com.unity.modules.physics)
    com.unity.ext.nunit@2.0.5 (location: /Users/limboenedmund/Documents/apps/unity/JJ26/PaperFold/Library/PackageCache/com.unity.ext.nunit@d8c07649098d)
[Subsystems] No new subsystems found in resolved package list.
[Package Manager] Done registering packages in 0.00 seconds
[ScriptCompilation] Requested script compilation because: AssetDatabase observed changes in script compilation related files
info: Microsoft.Hosting.Lifetime[14]
      Now listening on: http://unix:/tmp/ilpp.sock-069225cc2878930ce15f9a6cc0eae1f4
info: Microsoft.Hosting.Lifetime[0]
      Application started. Press Ctrl+C to shut down.
info: Microsoft.Hosting.Lifetime[0]
      Hosting environment: Production
info: Microsoft.Hosting.Lifetime[0]
      Content root path: /Users/limboenedmund/Documents/apps/unity/JJ26/PaperFold
info: Microsoft.AspNetCore.Hosting.Diagnostics[1]
      Request starting HTTP/2 POST http://ilpp/UnityILPP.PostProcessing/Ping - application/grpc -
info: Microsoft.AspNetCore.Routing.EndpointMiddleware[0]
      Executing endpoint 'gRPC - /UnityILPP.PostProcessing/Ping'
info: Microsoft.AspNetCore.Routing.EndpointMiddleware[1]
      Executed endpoint 'gRPC - /UnityILPP.PostProcessing/Ping'
info: Microsoft.AspNetCore.Hosting.Diagnostics[2]
      Request finished HTTP/2 POST http://ilpp/UnityILPP.PostProcessing/Ping - 200 - application/grpc 25.0834ms
Starting: /Applications/Unity/Hub/Editor/6000.4.10f1/Unity.app/Contents/Resources/BuildPipeline/bee_backend --ipc --defer-dag-verification --dagfile="Library/Bee/200b0aE.dag" --continue-on-failure --profile="Library/Bee/backend1.traceevents" ScriptAssemblies
WorkingDir: /Users/limboenedmund/Documents/apps/unity/JJ26/PaperFold
DisplayProgressbar: Compiling Scripts
ExitCode: 0 Duration: 1s848ms
[188/194    1s] Csc Library/Bee/artifacts/200b0aE.dag/PaperFold.Editor.dll (+2 others)
[189/194    0s] CopyFiles Library/ScriptAssemblies/PaperFold.Editor.dll
[190/194    0s] CopyFiles Library/ScriptAssemblies/PaperFold.Editor.pdb
[191/194    1s] Csc Library/Bee/artifacts/200b0aE.dag/PaperFold.Tests.dll (+2 others)
Assets/Tests/SmokeTests.cs(15,18): warning CS0618: 'Object.FindFirstObjectByType<T>()' is obsolete: 'FindFirstObjectByType has been deprecated because it relies on instance ID ordering. Use FindAnyObjectByType instead, which does not depend on ordering.'
Assets/Tests/SmokeTests.cs(17,22): warning CS0618: 'Object.FindFirstObjectByType<T>()' is obsolete: 'FindFirstObjectByType has been deprecated because it relies on instance ID ordering. Use FindAnyObjectByType instead, which does not depend on ordering.'
Assets/Tests/SmokeTests.cs(57,22): warning CS0618: 'Object.FindFirstObjectByType<T>()' is obsolete: 'FindFirstObjectByType has been deprecated because it relies on instance ID ordering. Use FindAnyObjectByType instead, which does not depend on ordering.'
Assets/Tests/SmokeTests.cs(92,22): warning CS0618: 'Object.FindFirstObjectByType<T>()' is obsolete: 'FindFirstObjectByType has been deprecated because it relies on instance ID ordering. Use FindAnyObjectByType instead, which does not depend on ordering.'
[192/194    0s] CopyFiles Library/ScriptAssemblies/PaperFold.Tests.dll
[193/194    0s] CopyFiles Library/ScriptAssemblies/PaperFold.Tests.pdb
*** Tundra build success (1.83 seconds), 6 items updated, 194 evaluated
Assets/Tests/SmokeTests.cs(15,18): warning CS0618: 'Object.FindFirstObjectByType<T>()' is obsolete: 'FindFirstObjectByType has been deprecated because it relies on instance ID ordering. Use FindAnyObjectByType instead, which does not depend on ordering.'
Assets/Tests/SmokeTests.cs(17,22): warning CS0618: 'Object.FindFirstObjectByType<T>()' is obsolete: 'FindFirstObjectByType has been deprecated because it relies on instance ID ordering. Use FindAnyObjectByType instead, which does not depend on ordering.'
Assets/Tests/SmokeTests.cs(57,22): warning CS0618: 'Object.FindFirstObjectByType<T>()' is obsolete: 'FindFirstObjectByType has been deprecated because it relies on instance ID ordering. Use FindAnyObjectByType instead, which does not depend on ordering.'
Assets/Tests/SmokeTests.cs(92,22): warning CS0618: 'Object.FindFirstObjectByType<T>()' is obsolete: 'FindFirstObjectByType has been deprecated because it relies on instance ID ordering. Use FindAnyObjectByType instead, which does not depend on ordering.'
AssetDatabase: script compilation time: 2.432443s
Begin MonoManager ReloadAssembly
Total cache size 146586500
Total cache size after purge 146586500, took 00:00:00.0477468
Assembly Assembly-CSharp-Editor-firstpass.dll at Library/ScriptAssemblies/Assembly-CSharp-Editor-firstpass.dll not valid. Loading of assembly skipped.
Assembly Assembly-CSharp-Editor.dll at Library/ScriptAssemblies/Assembly-CSharp-Editor.dll not valid. Loading of assembly skipped.
Assembly Assembly-CSharp-firstpass.dll at Library/ScriptAssemblies/Assembly-CSharp-firstpass.dll not valid. Loading of assembly skipped.
Assembly Assembly-CSharp.dll at Library/ScriptAssemblies/Assembly-CSharp.dll not valid. Loading of assembly skipped.
Assembly TestNewCustomAssembly.dll at Library/ScriptAssemblies/TestNewCustomAssembly.dll not valid. Loading of assembly skipped.
Assembly Unity.2D.Sprite.Package.EditorTests.dll at Library/ScriptAssemblies/Unity.2D.Sprite.Package.EditorTests.dll not valid. Loading of assembly skipped.
Native extension for OSXStandalone target not found
Native extension for WebGL target not found
ScheduleIndexationOnStartup MainProcess:True IndexOnStartup:True
Mono: successfully reloaded assembly
- Finished resetting the current domain, in  0.181 seconds
Domain Reload Profiling: 377ms
	BeginReloadAssembly (96ms)
		DisableScriptedObjects (11ms)
		CreateAndSetChildDomain (31ms)
	RebuildCommonClasses (17ms)
	RebuildNativeTypeToScriptingClass (6ms)
	initialDomainReloadingComplete (17ms)
	LoadAllAssembliesAndSetupDomain (59ms)
		LoadAssemblies (74ms)
		AnalyzeDomain (13ms)
			TypeCache.Refresh (10ms)
				TypeCache.ScanAssembly (8ms)
	FinalizeReload (182ms)
		SetupLoadedEditorAssemblies (0ms)
			InitializePlatformSupportModulesInManaged (9ms)
			BeforeProcessingInitializeOnLoad (49ms)
			ProcessInitializeOnLoadAttributes (37ms)
			ProcessInitializeOnLoadMethodAttributes (22ms)
		AwakeInstancesAfterBackupRestoration (6ms)
(Values over 0.050ms)
Asset Pipeline Refresh (id=c322689655dd44b438f60b139747119c): Total: 2.923 seconds - Initiated by InitialRefreshV2(ForceSynchronousImport)
	Summary:
		Imports: total=0 (actual=0, local cache=0, cache server=0)
		Asset DB Process Time: managed=0 ms, native=250 ms
		Asset DB Callback time: managed=32 ms, native=8 ms
		Scripting: domain reloads=1, domain reload time=195 ms, compile time=2433 ms, other=2 ms
		Project Asset Count: scripts=128, non-scripts=89
		Asset File Changes: new=0, changed=3, moved=0, deleted=0
		Scan Filter Count: 1
	InvokePackagesCallback: 5.256ms
	ApplyChangesToAssetFolders: 0.081ms
	Scan: 36.388ms
	OnSourceAssetsModified: 0.361ms
	CategorizeScriptCompilationAssets: 1.773ms
	ProcessAssetsWithTransientArtifactChanges: 2.159ms
	CategorizeAssets: 1.434ms
	CompileScripts: 2433.289ms
	ImportOutOfDateAssets: 182.957ms (182.639ms without children)
		UnloadImportedAssets: 0.108ms
		OnDemandSchedulerStart: 0.184ms
	PostProcessAllAssets: 33.397ms
		VCAutoAddAssetPostprocess 0.943ms
		MonoPostProcessAllAssets: 32.209ms
			AssetPostprocessor.OnPostprocessAllAssets 11.886ms
			StyleCatalogPostProcessor.OnPostprocessAllAssets 5.077ms
			WindowAssetPostprocessingWatcher.OnPostprocessAllAssets 4.081ms
			BuilderAssetPostprocessor.OnPostprocessAllAssets 2.812ms
			SyncVS.PostprocessSyncProject 1.265ms
			AssetChangedListener.OnPostprocessAllAssets 0.614ms
			RetainedModeAssetPostprocessor.OnPostprocessAllAssets 0.443ms
			SpeedTree9Postprocessor.OnPostprocessAllAssets 0.275ms
			ArtifactBrowserPostProcessor.OnPostprocessAllAssets 0.242ms
			TextAssetPostProcessor.OnPostprocessAllAssets 0.209ms
			SpriteEditorTexturePostprocessor.OnPostprocessAllAssets 0.179ms
			ReferencedClipsPostProcessor.OnPostprocessAllAssets 0.150ms
			AudioMixerPostprocessor.OnPostprocessAllAssets 0.105ms
			AssetEvents.OnPostprocessAllAssets 0.102ms
			TerrainToolbarOverlayPostProcessor.OnPostprocessAllAssets 0.083ms
			AssetDatabaseCallbacks.OnPostprocessAllAssets 0.057ms
			SpeedTreePostProcessor.OnPostprocessAllAssets 0.052ms
	PostAssetChangesProfiler: 2.994ms
	UnloadStreamsBegin: 0.519ms
	GenerateScriptTypeHashes: 0.484ms
	GenerateScriptTypeSerializationHashes: 1.034ms
	Untracked: 221.244ms

Application.AssetDatabase Initial Refresh End
Launching external process: /Applications/Unity/Hub/Editor/6000.4.10f1/Unity.app/Contents/Helpers/UnityShaderCompiler
Launched and connected shader compiler UnityShaderCompiler after 0.07 seconds
Scanning for USB devices : 0.100ms
Initializing Unity extensions:
[MODES] ModeService[none].Initialize
[MODES] ModeService[none].LoadModes
[MODES] Loading mode Default (0) for mode-current-id-PaperFold
Unloading 3 Unused Serialized files (Serialized files now loaded: 0)
Unloading 466 unused Assets / (0.5 MB). Loaded Objects now: 1105.
Memory consumption went from 109.4 MB to 108.9 MB.
Total: 3.542375 ms (FindLiveObjects: 0.042542 ms CreateObjectMapping: 0.019208 ms MarkObjects: 3.225625 ms  DeleteObjects: 0.254834 ms)

Curl error 6: Could not resolve host: config.uca.cloud.unity3d.com
Asset Pipeline Refresh (id=afb8f2fcc81b9487b8a743b687cfaed0): Total: 0.013 seconds - Initiated by RefreshV2(NoUpdateAssetOptions)
Unloading 0 Unused Serialized files (Serialized files now loaded: 0)
Unloading 1 unused Assets / (Unknown). Loaded Objects now: 1107.
Memory consumption went from 106.6 MB to 108.6 MB.
Total: 3.081333 ms (FindLiveObjects: 0.019166 ms CreateObjectMapping: 0.006834 ms MarkObjects: 3.044666 ms  DeleteObjects: 0.010458 ms)

Start importing Assets/LevelPhysics.physicsMaterial2D using Guid(dd0553e89d67143fa88ea7a2dbc3c810) (NativeFormatImporter) -> (Import Result ID: '44d11c4ac30b4e15564bf9fc6dabb835') in 0.002705042 seconds [static dependencies only]. Details - ImportResultOutputID=9162c3b5900bf95ac9750a5739e418f1 DependenciesID=ce09b61fd227d0485a434e3ea6a48c5b StaticDependenciesID=66b532e9e18a311c6307ddf7bbabe2f8 
Asset Pipeline Refresh (id=a6bc9db03319d474bb010951b1f4c249): Total: 0.009 seconds - Initiated by StopAssetImportingV2(NoUpdateAssetOptions)
Start importing Assets/LevelPhysics.physicsMaterial2D using Guid(dd0553e89d67143fa88ea7a2dbc3c810) (NativeFormatImporter) -> (Import Result ID: '16e92744b4ca6ffa171566c30e241a12') in 0.001841042 seconds [static dependencies only]. Details - ImportResultOutputID=9162c3b5900bf95ac9750a5739e418f1 DependenciesID=01ace9c6f6736664068c9ed0c62c8c68 StaticDependenciesID=fc4088e0ddcbc986ef2abc0a17ef317e 
Asset Pipeline Refresh (id=ed20114b229904726b2e1b0607d57483): Total: 0.005 seconds - Initiated by StopAssetImportingV2(NoUpdateAssetOptions)
Start importing Assets/Scenes/Main.unity using Guid(2518007f0174849659a31ec8a641f3e1) (DefaultImporter) -> (Import Result ID: 'd04d18bdc1a70cbe53182cda132fa0e1') in 0.000529542 seconds [static dependencies only]. Details - ImportResultOutputID=bae9b0bcb9df5ff8f364802633689e31 DependenciesID=d0520df8d9c29e75b400e012245aba80 StaticDependenciesID=97a9709b284b2ec3eeac1cb4d8d45028 
Asset Pipeline Refresh (id=b35e7d236702b49808a93b9686f86ded): Total: 0.003 seconds - Initiated by StopAssetImportingV2(NoUpdateAssetOptions)
LevelBuilder: scene saved to Assets/Scenes/Main.unity
UnityEngine.Debug:ExtractStackTraceNoAlloc (byte*,int,string)
UnityEngine.StackTraceUtility:ExtractStackTrace () (at /Users/bokken/build/output/unity/unity/Runtime/Export/Scripting/StackTrace.cs:35)
UnityEngine.DebugLogHandler:Internal_Log (UnityEngine.LogType,UnityEngine.LogOption,string,UnityEngine.Object)
UnityEngine.DebugLogHandler:LogFormat (UnityEngine.LogType,UnityEngine.Object,string,object[])
UnityEngine.Logger:Log (UnityEngine.LogType,object)
UnityEngine.Debug:Log (object)
LevelBuilder:Build () (at Assets/Editor/LevelBuilder.cs:227)

(Filename: Assets/Editor/LevelBuilder.cs Line: 227)

Thread 0x17447b000 may have been prematurely finalized
Batchmode quit successfully invoked - shutting down!
Thread 0x17461f000 may have been prematurely finalized
The command could not be loaded, possibly because:
  * You intended to execute a .NET application:
      The application 'build-server' does not exist.
  * You intended to execute a .NET SDK command:
      No .NET SDKs were found.

Download a .NET SDK:
https://aka.ms/dotnet/download

Learn about SDK resolution:
https://aka.ms/dotnet/sdk-not-found
Input System module state changed to: ShutdownInProgress.
Input Polling Thread exited.
Input System module state changed to: Shutdown.
[Physics::Module] Cleanup current backend.
[Physics::Module] Id: 0xf2b8ea05
[Licensing::IpcConnector] LicenseClient-limboenedmund-notifications channel disconnected successfully.
[Licensing::IpcConnector] LicenseClient-limboenedmund channel disconnected successfully.
Thread 0x17053f000 may have been prematurely finalized
Thread 0x1705cb000 may have been prematurely finalized
AcceleratorClientConnectionCallback - disconnected - :0
info: Microsoft.Hosting.Lifetime[0]
      Application is shutting down...
Cleanup mono
CodeReloadManager destroyed
debugger-agent: Unable to listen on 43
Exiting batchmode successfully now!
[Package Manager] Server process was shutdown
